// Jest Snapshot v1, https://goo.gl/fbAQLP

exports[`Skills should match the snapshot 1`] = `ShallowWrapper {}`;
