// Jest Snapshot v1, https://goo.gl/fbAQLP

exports[`ProjectsHeader should match the snapshot 1`] = `ShallowWrapper {}`;
